// Jest Snapshot v1, https://goo.gl/fbAQLP

exports[`CharacterItem component renders single character 1`] = `
<DocumentFragment>
  <figure
    class="LightMode"
  >
    <img
      alt="Ryan"
      src=""
    />
    <figcaption>
      Ryan
    </figcaption>
  </figure>
</DocumentFragment>
`;
