// Jest Snapshot v1, https://goo.gl/fbAQLP

exports[`CharacterList component Renders a list of Characters 1`] = `
<DocumentFragment>
  <ul
    data-testid="characters"
  />
</DocumentFragment>
`;
