// Jest Snapshot v1, https://goo.gl/fbAQLP

exports[`App component renders App 1`] = `
<DocumentFragment>
  <header
    class="LightMode"
  >
    <button>
      ヾ⌐■_■ノ♪
    </button>
  </header>
  <ul
    class="CharacterList LightMode"
    data-testid="characters"
  />
</DocumentFragment>
`;
